// Jest Snapshot v1, https://goo.gl/fbAQLP

exports[`Menu Button should show all elements 1`] = `
<Fragment>
  <div
    className="menu-button-wrapper"
  >
    <button
      className="menu-button"
      data-testid="undefined_MENU_BUTTON"
      onClick={[Function]}
    >
      <img
        alt="Open menu"
        draggable={false}
        src="../renderer/assets/single-chevron-down.svg"
        title="Open menu"
      />
    </button>
  </div>
</Fragment>
`;
