// Jest Snapshot v1, https://goo.gl/fbAQLP

exports[`snack bar should render correctly 1`] = `<div />`;
